// Jest Snapshot v1, https://goo.gl/fbAQLP

exports[`Calculator UI Check 1`] = `
<div>
  <div
    class="calculator"
  >
    <input
      class="calculator-display "
      readonly=""
      type="text"
      value="0"
    />
    <div
      class="calculator-buttons"
    >
      <button
        class="button other"
      >
        AC
      </button>
      <button
        class="button other"
      >
        +/-
      </button>
      <button
        class="button other"
      >
        %
      </button>
      <button
        class="button operator"
      >
        ÷
      </button>
      <button
        class="button number"
      >
        7
      </button>
      <button
        class="button number"
      >
        8
      </button>
      <button
        class="button number"
      >
        9
      </button>
      <button
        class="button mul operator"
      >
        ✕
      </button>
      <button
        class="button number"
      >
        4
      </button>
      <button
        class="button number"
      >
        5
      </button>
      <button
        class="button number"
      >
        6
      </button>
      <button
        class="button operator"
      >
        -
      </button>
      <button
        class="button number"
      >
        1
      </button>
      <button
        class="button number"
      >
        2
      </button>
      <button
        class="button number"
      >
        3
      </button>
      <button
        class="button operator"
      >
        +
      </button>
      <button
        class="button zero number"
      >
        0
      </button>
      <button
        class="button number"
      >
        .
      </button>
      <button
        class="button equal operator"
      >
        =
      </button>
    </div>
    <div
      class="history"
    >
      <h3>
        History
      </h3>
      <ul />
    </div>
  </div>
</div>
`;
